###############################################################################
#
# IAR ELF Linker V3.10.1.201 for STM8                     11/Dec/2017  12:04:46
# Copyright 2010-2017 IAR Systems AB.
#
#    Output file  =  C:\WorkspaceIAR\TTP229\Debug\Exe\TTP229Pru.out
#    Map file     =  C:\WorkspaceIAR\TTP229\Debug\List\TTP229Pru.map
#    Command line =  
#        -f C:\Users\rinco\AppData\Local\Temp\EWB8D.tmp
#        (C:\WorkspaceIAR\TTP229\Debug\Obj\Extevents.o
#        C:\WorkspaceIAR\TTP229\Debug\Obj\main.o
#        C:\WorkspaceIAR\TTP229\Debug\Obj\TTP229.o --redirect
#        _Printf=_PrintfFullNoMb --redirect _Scanf=_ScanfFullNoMb -o
#        C:\WorkspaceIAR\TTP229\Debug\Exe\TTP229Pru.out --map
#        C:\WorkspaceIAR\TTP229\Debug\List\TTP229Pru.map --config "C:\Program
#        Files (x86)\IAR Systems\Embedded Workbench
#        8.0\stm8\config\lnkstm8s003f3.icf" --config_def _CSTACK_SIZE=0x100
#        --config_def _HEAP_SIZE=0x100 --entry __iar_program_start --debug_lib)
#
###############################################################################

*******************************************************************************
*** RUNTIME MODEL ATTRIBUTES
***

__SystemLibrary            = DLib
__code_model               = small
__core                     = stm8
__data_model               = medium
__dlib_file_descriptor     = 0
__dlib_full_locale_support = 0
__rt_version               = 4


*******************************************************************************
*** PLACEMENT SUMMARY
***

"A0":  place at start of [0x000000-0x0000ff] { rw section .vregs };
"A1":  place at end of [0x000000-0x0003ff] { block CSTACK };
"P2":  place in [from 0x000000 to 0x0003ff] {
          block HEAP, rw section __DLIB_PERTHREAD, rw section .far.bss,
          rw section .far.data, rw section .far.noinit,
          rw section .far_func.textrw, rw section .huge.bss,
          rw section .huge.data, rw section .huge.noinit,
          rw section .huge_func.textrw, rw section .iar.dynexit,
          rw section .near.bss, rw section .near.data, rw section .near.noinit,
          rw section .near_func.textrw };
"A2":  place at start of [0x008000-0x009fff] { block INTVEC };
"P3":  place in [from 0x008000 to 0x009fff] {
          ro section __DLIB_PERTHREAD_init, ro section .far.data_init,
          ro section .far_func.textrw_init, ro section .huge.data_init,
          ro section .huge_func.textrw_init, ro section .iar.init_table,
          ro section .init_array, ro section .near.data_init,
          ro section .near.rodata, ro section .near_func.text,
          ro section .near_func.textrw_init, ro section .tiny.data_init,
          ro section .tiny.rodata_init };
"P4":  place in [from 0x008000 to 0x009fff] {
          ro section .far.rodata, ro section .far_func.text };
"P5":  place in [from 0x008000 to 0x009fff] {
          ro section .huge.rodata, ro section .huge_func.text };
do not initialize {
   rw section .eeprom.noinit, rw section .far.noinit, rw section .huge.noinit,
   rw section .near.noinit, rw section .tiny.noinit, rw section .vregs };

  Section          Kind      Address   Size  Object
  -------          ----      -------   ----  ------
"A0":                                   0xc
  .vregs           uninit   0x000000    0xc  vregs.o [4]
                          - 0x00000c    0xc

"P2":                                   0x5
  .near.bss        zero     0x00000c    0x1  Extevents.o [1]
  .near.bss        zero     0x00000d    0x1  main.o [1]
  .near.bss        zero     0x00000e    0x1  TTP229.o [1]
  .near.bss        zero     0x00000f    0x1  TTP229.o [1]
  .near.bss        zero     0x000010    0x1  TTP229.o [1]
                          - 0x000011    0x5

"A1":                                 0x100
  CSTACK                    0x000300  0x100  <Block>
    CSTACK         uninit   0x000300  0x100  <Block tail>
                          - 0x000400  0x100

Absolute sections, part 1 of 6:         0x5
  .near.noinit     uninit   0x005005    0x1  TTP229.o [1]
  .near.noinit     uninit   0x005006    0x1  TTP229.o [1]
  .near.noinit     uninit   0x005007    0x1  TTP229.o [1]
  .near.noinit     uninit   0x005008    0x1  TTP229.o [1]
  .near.noinit     uninit   0x005009    0x1  TTP229.o [1]
                          - 0x00500a    0x5

Absolute sections, part 2 of 6:         0x1
  .near.noinit     uninit   0x0050a0    0x1  TTP229.o [1]
                          - 0x0050a1    0x1

Absolute sections, part 3 of 6:         0x2
  .near.noinit     uninit   0x0050c0    0x1  TTP229.o [1]
  .near.noinit     uninit   0x0050c1    0x1  TTP229.o [1]
                          - 0x0050c2    0x2

Absolute sections, part 4 of 6:         0x4
  .near.noinit     uninit   0x0050c4    0x1  TTP229.o [1]
  .near.noinit     uninit   0x0050c5    0x1  TTP229.o [1]
  .near.noinit     uninit   0x0050c6    0x1  TTP229.o [1]
  .near.noinit     uninit   0x0050c7    0x1  TTP229.o [1]
                          - 0x0050c8    0x4

Absolute sections, part 5 of 6:         0x2
  .near.noinit     uninit   0x0050c9    0x1  TTP229.o [1]
  .near.noinit     uninit   0x0050ca    0x1  TTP229.o [1]
                          - 0x0050cb    0x2

Absolute sections, part 6 of 6:         0x2
  .near.noinit     uninit   0x0050cc    0x1  TTP229.o [1]
  .near.noinit     uninit   0x0050cd    0x1  TTP229.o [1]
                          - 0x0050ce    0x2

"A2":                                  0x80
  INTVEC                    0x008000   0x80  <Block>
    .intvec        const    0x008000   0x80  interrupt.o [4]
                          - 0x008080   0x80

"P3-P5":                              0x269
  .near_func.text  ro code  0x008080   0xad  TTP229.o [1]
  .near_func.text  ro code  0x00812d   0x4d  vreg_util.o [4]
  .near_func.text  ro code  0x00817a   0x4b  TTP229.o [1]
  .near_func.text  ro code  0x0081c5   0x35  main.o [1]
  .near_func.text  ro code  0x0081fa   0x30  long.o [4]
  .near_func.text  ro code  0x00822a   0x26  TTP229.o [1]
  .iar.init_table  const    0x008250    0x8  - Linker created -
  .near_func.text  ro code  0x008258   0x1e  init_small.o [4]
  .near_func.text  ro code  0x008276   0x1a  long_util.o [4]
  .near_func.text  ro code  0x008290   0x14  init.o [4]
  .near_func.text  ro code  0x0082a4   0x14  __dbg_xxexit.o [3]
  .near_func.text  ro code  0x0082b8   0x13  cstartup.o [4]
  .near_func.text  ro code  0x0082cb    0x7  TTP229.o [1]
  .near_func.text  ro code  0x0082d2    0x5  char.o [4]
  .near_func.text  ro code  0x0082d7    0x5  cexit.o [4]
  .near_func.text  ro code  0x0082dc    0x3  interrupt.o [4]
  .near_func.text  ro code  0x0082df    0x3  low_level_init.o [4]
  .near_func.text  ro code  0x0082e2    0x3  exit.o [4]
  .near_func.text  ro code  0x0082e5    0x3  unhandled_exception.o [4]
  .near_func.text  ro code  0x0082e8    0x1  __dbg_break.o [3]
                          - 0x0082e9  0x269


*******************************************************************************
*** INIT TABLE
***

          Address   Size
          -------   ----
Zero (__iar_zero_init2)
    1 destination range, total size 0x5:
          0x00000c   0x5



*******************************************************************************
*** MODULE SUMMARY
***

    Module                 ro code  ro data  rw data  rw data
                                                       (abs)
    ------                 -------  -------  -------  -------
C:\WorkspaceIAR\TTP229\Debug\Obj: [1]
    Extevents.o                                    1
    TTP229.o                   293                 3       16
    main.o                      53                 1
    ---------------------------------------------------------
    Total:                     346                 5       16

command line: [2]
    ---------------------------------------------------------
    Total:

dbgstm8smd.a: [3]
    __dbg_break.o                1
    __dbg_xxexit.o              20
    ---------------------------------------------------------
    Total:                      21

dlstm8smn.a: [4]
    cexit.o                      5
    char.o                       5
    cstartup.o                  19
    exit.o                       3
    init.o                      20
    init_small.o                30
    interrupt.o                  3      128
    long.o                      48
    long_util.o                 26
    low_level_init.o             3
    unhandled_exception.o        3
    vreg_util.o                 77
    vregs.o                                       12
    ---------------------------------------------------------
    Total:                     242      128       12

    Linker created                        8      256
-------------------------------------------------------------
    Grand Total:               609      136      273       16


*******************************************************************************
*** ENTRY LIST
***

Entry                    Address  Size  Type      Object
-----                    -------  ----  ----      ------
.iar.init_table$$Base   0x008250         --   Gb  - Linker created -
.iar.init_table$$Limit  0x008258         --   Gb  - Linker created -
?and32_l0_l0_0x         0x0081fa        Code  Gb  long.o [4]
?b0                     0x000000        Data  Gb  vregs.o [4]
?b1                     0x000001        Data  Gb  vregs.o [4]
?b10                    0x00000a        Data  Gb  vregs.o [4]
?b11                    0x00000b        Data  Gb  vregs.o [4]
?b2                     0x000002        Data  Gb  vregs.o [4]
?b3                     0x000003        Data  Gb  vregs.o [4]
?b4                     0x000004        Data  Gb  vregs.o [4]
?b5                     0x000005        Data  Gb  vregs.o [4]
?b6                     0x000006        Data  Gb  vregs.o [4]
?b7                     0x000007        Data  Gb  vregs.o [4]
?b8                     0x000008        Data  Gb  vregs.o [4]
?b9                     0x000009        Data  Gb  vregs.o [4]
?e0                     0x000001        Data  Gb  vregs.o [4]
?e1                     0x000005        Data  Gb  vregs.o [4]
?e2                     0x000009        Data  Gb  vregs.o [4]
?l0                     0x000000        Data  Gb  vregs.o [4]
?l1                     0x000004        Data  Gb  vregs.o [4]
?l2                     0x000008        Data  Gb  vregs.o [4]
?load32_0x_l0           0x008282        Code  Gb  long_util.o [4]
?load32_l0_0x           0x008276        Code  Gb  long_util.o [4]
?or32_l0_l0_0x          0x008212        Code  Gb  long.o [4]
?pop_l0                 0x008167        Code  Gb  vreg_util.o [4]
?push_l0                0x008145        Code  Gb  vreg_util.o [4]
?push_w4                0x00812d        Code  Gb  vreg_util.o [4]
?srl8_a_a_5             0x0082d2        Code  Gb  char.o [4]
?w0                     0x000000        Data  Gb  vregs.o [4]
?w1                     0x000002        Data  Gb  vregs.o [4]
?w2                     0x000004        Data  Gb  vregs.o [4]
?w3                     0x000006        Data  Gb  vregs.o [4]
?w4                     0x000008        Data  Gb  vregs.o [4]
?w5                     0x00000a        Data  Gb  vregs.o [4]
CLK_PCKENR1             0x0050c7   0x1  Data  Gb  TTP229.o [1]
CLK_PCKENR2             0x0050ca   0x1  Data  Gb  TTP229.o [1]
CLK_SWR                 0x0050c4   0x1  Data  Gb  TTP229.o [1]
CSTACK$$Base            0x000300         --   Gb  - Linker created -
CSTACK$$Limit           0x000400         --   Gb  - Linker created -
EXTI_PORTB_IRQHandler   0x00822a  0x26  Code  Gb  TTP229.o [1]
GetBit                  0x0080fa  0x33  Code  Gb  TTP229.o [1]
INTVEC$$Base            0x008000         --   Gb  - Linker created -
INTVEC$$Limit           0x008080         --   Gb  - Linker created -
InitialiseSystemClock   0x0080ba  0x40  Code  Gb  TTP229.o [1]
ReadKey                 0x0082cb   0x7  Code  Gb  TTP229.o [1]
Region$$Table$$Base     0x008250         --   Gb  - Linker created -
Region$$Table$$Limit    0x008258         --   Gb  - Linker created -
SCLWaitShort            0x008080   0xb  Code  Gb  TTP229.o [1]
TTP_Init                0x00808b  0x2f  Code  Gb  TTP229.o [1]
_A_CLK_CCOR             0x0050c9   0x1  Data  Gb  TTP229.o [1]
_A_CLK_CKDIVR           0x0050c6   0x1  Data  Gb  TTP229.o [1]
_A_CLK_ECKR             0x0050c1   0x1  Data  Gb  TTP229.o [1]
_A_CLK_HSITRIMR         0x0050cc   0x1  Data  Gb  TTP229.o [1]
_A_CLK_ICKR             0x0050c0   0x1  Data  Gb  TTP229.o [1]
_A_CLK_SWCR             0x0050c5   0x1  Data  Gb  TTP229.o [1]
_A_CLK_SWIMCCR          0x0050cd   0x1  Data  Gb  TTP229.o [1]
_A_EXTI_CR1             0x0050a0   0x1  Data  Gb  TTP229.o [1]
_A_PB_CR1               0x005008   0x1  Data  Gb  TTP229.o [1]
_A_PB_CR2               0x005009   0x1  Data  Gb  TTP229.o [1]
_A_PB_DDR               0x005007   0x1  Data  Gb  TTP229.o [1]
_A_PB_IDR               0x005006   0x1  Data  Gb  TTP229.o [1]
_A_PB_ODR               0x005005   0x1  Data  Gb  TTP229.o [1]
_INT_Extevents          0x00000c   0x1  Data  Gb  Extevents.o [1]
__DebugBreak            0x0082e8   0x1  Code  Gb  __dbg_break.o [3]
__exit                  0x0082a4  0x14  Code  Gb  __dbg_xxexit.o [3]
__iar_data_init2        0x008290  0x14  Code  Gb  init.o [4]
__iar_program_start     0x0082b8        Code  Gb  cstartup.o [4]
__iar_unhandled_exception
                        0x0082e5        Code  Gb  unhandled_exception.o [4]
__iar_zero_init2        0x008258        Code  Gb  init_small.o [4]
__intvec                0x008000        Data  Gb  interrupt.o [4]
__low_level_init        0x0082df   0x3  Code  Gb  low_level_init.o [4]
_exit                   0x0082d7        Code  Gb  cexit.o [4]
_interrupt_6            0x00822a        Code  Gb  TTP229.o [1]
_keyPress               0x00000e   0x1  Data  Gb  TTP229.o [1]
bitFlag                 0x00000f   0x1  Data  Gb  TTP229.o [1]
count                   0x000010   0x1  Data  Gb  TTP229.o [1]
exit                    0x0082e2   0x3  Code  Gb  exit.o [4]
key                     0x00817a  0x4b  Code  Gb  TTP229.o [1]
main                    0x0081c5  0x35  Code  Gb  main.o [1]
u8Tecla                 0x00000d   0x1  Data  Gb  main.o [1]


[1] = C:\WorkspaceIAR\TTP229\Debug\Obj
[2] = command line
[3] = dbgstm8smd.a
[4] = dlstm8smn.a

  609 bytes of readonly  code memory
  136 bytes of readonly  data memory
  273 bytes of readwrite data memory (+ 16 absolute)

Errors: none
Warnings: none
